[samtinfo.ch/i16davmat/web.old/web/painters/Home.html]
[backblue.gif]
[fade.gif]
[index.html]
[samtinfo.ch/i16davmat/web.old/web/painters/img/favicon_brush.ico]
[images.designtrends.com/wp-content/uploads/2015/12/17131011/White-Linen-Canvas-Texture.jpg]
[samtinfo.ch/i16davmat/web.old/web/painters/img/home.png]
[samtinfo.ch/i16davmat/web.old/web/painters/Dali.html]
[upload.wikimedia.org/wikipedia/commons/2/24/Salvador_Dalí_1939.jpg]
[samtinfo.ch/i16davmat/web.old/web/painters/Ross.html]
[upload.wikimedia.org/wikipedia/en/7/70/Bob_at_Easel.jpg]
[samtinfo.ch/i16davmat/web.old/web/painters/Pica.html]
[upload.wikimedia.org/wikipedia/commons/thumb/b/b8/Portrait_de_Picasso,_1908.jpg/432px-Portrait_de_Picasso,_1908.jpg]
[samtinfo.ch/i16davmat/web.old/web/painters/Home.html]
[samtinfo.ch/i16davmat/web.old/web/painters/img/brush.png]
[upload.wikimedia.org/wikipedia/commons/thumb/2/27/Salvador_Dali_NYWTS.jpg/451px-Salvador_Dali_NYWTS.jpg]
[samtinfo.ch/i16davmat/web.old/web/painters/Dali.html]
[media.npr.org/assets/img/2016/08/22/bobearly1_custom-370196c6c7ccc113e242096bb8e7164e96af78f9-s300-c85.jpg]
[samtinfo.ch/i16davmat/web.old/web/painters/Ross.html]
[userscontent2.emaze.com/images/9efe22e0-a2e3-4b20-912f-c2b6a8e78ae5/aaa9eafe5d3b85d1e7e17f8321da4b1d.jpg]
[samtinfo.ch/i16davmat/web.old/web/painters/Pica.html]
